<?xml version="1.0" encoding="UTF-8"?>
<!DOCTYPE sprawozdanie PUBLIC "sprawozdanie" "http://faculty.wmi.amu.edu.pl:20002/zajecia/file-storage/view/sprawozdanie.dtd">
<sprawozdanie przedmiot="SIK" temat="A">
<imie_nazwisko>Jan Przybylski</imie_nazwisko>
<nr_indeksu>426228</nr_indeksu>
<liczba_pkt>9.5</liczba_pkt>
<zadanie nr="Opis" pkt="3.0"></zadanie>
<zadanie nr="1a" pkt="0.5"></zadanie>
<zadanie nr="1b" pkt="0.5"></zadanie>
<zadanie nr="2" pkt="0.5"></zadanie>
<zadanie nr="A.1" pkt="2.0"></zadanie>
<zadanie nr="A.2" pkt="1.5"></zadanie>
<zadanie nr="A.3" pkt="1.5"></zadanie>
</sprawozdanie>

Zadanie Opis -------------------------------------
s426228@pc15f:~/Desktop$ ping wp.pl
/// wydruk
PING wp.pl (212.77.98.9) 56(84) bytes of data.
64 bytes from www.wp.pl (212.77.98.9): icmp_seq=1 ttl=56 time=8.82 ms
64 bytes from www.wp.pl (212.77.98.9): icmp_seq=2 ttl=56 time=9.70 ms
64 bytes from www.wp.pl (212.77.98.9): icmp_seq=3 ttl=56 time=12.2 ms
64 bytes from www.wp.pl (212.77.98.9): icmp_seq=4 ttl=56 time=9.31 ms
64 bytes from www.wp.pl (212.77.98.9): icmp_seq=5 ttl=56 time=10.8 ms
64 bytes from www.wp.pl (212.77.98.9): icmp_seq=6 ttl=56 time=10.0 ms
64 bytes from www.wp.pl (212.77.98.9): icmp_seq=7 ttl=56 time=12.9 ms
64 bytes from www.wp.pl (212.77.98.9): icmp_seq=8 ttl=56 time=10.5 ms
64 bytes from www.wp.pl (212.77.98.9): icmp_seq=9 ttl=56 time=13.8 ms
64 bytes from www.wp.pl (212.77.98.9): icmp_seq=10 ttl=56 time=10.3 ms
64 bytes from www.wp.pl (212.77.98.9): icmp_seq=11 ttl=56 time=9.51 ms
64 bytes from www.wp.pl (212.77.98.9): icmp_seq=12 ttl=56 time=9.45 ms
64 bytes from www.wp.pl (212.77.98.9): icmp_seq=13 ttl=56 time=8.83 ms
64 bytes from www.wp.pl (212.77.98.9): icmp_seq=14 ttl=56 time=13.4 ms
64 bytes from www.wp.pl (212.77.98.9): icmp_seq=15 ttl=56 time=10.8 ms
64 bytes from www.wp.pl (212.77.98.9): icmp_seq=16 ttl=56 time=9.27 ms
64 bytes from www.wp.pl (212.77.98.9): icmp_seq=17 ttl=56 time=9.16 ms
64 bytes from www.wp.pl (212.77.98.9): icmp_seq=18 ttl=56 time=15.0 ms
64 bytes from www.wp.pl (212.77.98.9): icmp_seq=19 ttl=56 time=10.8 ms
64 bytes from www.wp.pl (212.77.98.9): icmp_seq=20 ttl=56 time=10.0 ms
64 bytes from www.wp.pl (212.77.98.9): icmp_seq=21 ttl=56 time=9.97 ms
64 bytes from www.wp.pl (212.77.98.9): icmp_seq=22 ttl=56 time=11.8 ms
64 bytes from www.wp.pl (212.77.98.9): icmp_seq=23 ttl=56 time=9.81 ms
64 bytes from www.wp.pl (212.77.98.9): icmp_seq=24 ttl=56 time=15.6 ms
64 bytes from www.wp.pl (212.77.98.9): icmp_seq=25 ttl=56 time=11.8 ms
64 bytes from www.wp.pl (212.77.98.9): icmp_seq=26 ttl=56 time=10.1 ms
64 bytes from www.wp.pl (212.77.98.9): icmp_seq=27 ttl=56 time=13.9 ms
64 bytes from www.wp.pl (212.77.98.9): icmp_seq=28 ttl=56 time=10.2 ms
64 bytes from www.wp.pl (212.77.98.9): icmp_seq=29 ttl=56 time=14.1 ms
64 bytes from www.wp.pl (212.77.98.9): icmp_seq=30 ttl=56 time=13.1 ms
64 bytes from www.wp.pl (212.77.98.9): icmp_seq=31 ttl=56 time=13.7 ms
64 bytes from www.wp.pl (212.77.98.9): icmp_seq=32 ttl=56 time=11.2 ms
64 bytes from www.wp.pl (212.77.98.9): icmp_seq=33 ttl=56 time=12.0 ms
64 bytes from www.wp.pl (212.77.98.9): icmp_seq=34 ttl=56 time=11.8 ms
64 bytes from www.wp.pl (212.77.98.9): icmp_seq=35 ttl=56 time=13.2 ms
64 bytes from www.wp.pl (212.77.98.9): icmp_seq=36 ttl=56 time=11.2 ms
64 bytes from www.wp.pl (212.77.98.9): icmp_seq=37 ttl=56 time=13.4 ms
64 bytes from www.wp.pl (212.77.98.9): icmp_seq=38 ttl=56 time=13.7 ms
64 bytes from www.wp.pl (212.77.98.9): icmp_seq=39 ttl=56 time=12.6 ms
64 bytes from www.wp.pl (212.77.98.9): icmp_seq=40 ttl=56 time=11.3 ms
64 bytes from www.wp.pl (212.77.98.9): icmp_seq=41 ttl=56 time=10.6 ms
64 bytes from www.wp.pl (212.77.98.9): icmp_seq=42 ttl=56 time=10.3 ms
64 bytes from www.wp.pl (212.77.98.9): icmp_seq=43 ttl=56 time=12.0 ms
64 bytes from www.wp.pl (212.77.98.9): icmp_seq=44 ttl=56 time=11.5 ms
64 bytes from www.wp.pl (212.77.98.9): icmp_seq=45 ttl=56 time=11.3 ms
64 bytes from www.wp.pl (212.77.98.9): icmp_seq=46 ttl=56 time=13.3 ms
64 bytes from www.wp.pl (212.77.98.9): icmp_seq=47 ttl=56 time=14.7 ms
64 bytes from www.wp.pl (212.77.98.9): icmp_seq=48 ttl=56 time=9.15 ms
64 bytes from www.wp.pl (212.77.98.9): icmp_seq=49 ttl=56 time=9.35 ms
64 bytes from www.wp.pl (212.77.98.9): icmp_seq=50 ttl=56 time=13.8 ms
64 bytes from www.wp.pl (212.77.98.9): icmp_seq=51 ttl=56 time=13.0 ms
64 bytes from www.wp.pl (212.77.98.9): icmp_seq=52 ttl=56 time=14.4 ms
64 bytes from www.wp.pl (212.77.98.9): icmp_seq=53 ttl=56 time=13.3 ms
64 bytes from www.wp.pl (212.77.98.9): icmp_seq=54 ttl=56 time=10.3 ms
64 bytes from www.wp.pl (212.77.98.9): icmp_seq=55 ttl=56 time=11.3 ms
64 bytes from www.wp.pl (212.77.98.9): icmp_seq=56 ttl=56 time=14.6 ms
64 bytes from www.wp.pl (212.77.98.9): icmp_seq=57 ttl=56 time=10.1 ms
64 bytes from www.wp.pl (212.77.98.9): icmp_seq=58 ttl=56 time=10.2 ms
64 bytes from www.wp.pl (212.77.98.9): icmp_seq=59 ttl=56 time=9.94 ms
64 bytes from www.wp.pl (212.77.98.9): icmp_seq=60 ttl=56 time=12.1 ms
64 bytes from www.wp.pl (212.77.98.9): icmp_seq=61 ttl=56 time=12.6 ms
64 bytes from www.wp.pl (212.77.98.9): icmp_seq=62 ttl=56 time=13.6 ms

s426228@pc15f:~/Desktop$ traceroute wp.pl
/// wydruk
traceroute to wp.pl (212.77.98.9), 30 hops max, 60 byte packets
 1  gw-v100.core.wmi.amu.edu.pl (150.254.79.1)  0.574 ms  0.913 ms  1.169 ms
 2  fw.core.wmi.amu.edu.pl (150.254.76.33)  0.182 ms  0.160 ms  0.138 ms
 3  amur.amu.edu.pl (150.254.115.57)  2.463 ms  2.662 ms  3.056 ms
 4  do-pozman.amu.edu.pl (150.254.116.6)  3.991 ms  3.946 ms  3.923 ms
 5  pozmangw.amu.edu.pl (150.254.115.5)  4.150 ms  4.134 ms  4.106 ms
 6  bgplu-man-cio4.10ge.task.gda.pl (153.19.102.25)  12.522 ms  12.458 ms  12.436 ms
 7  wp-jro4.10ge.task.gda.pl (153.19.102.6)  12.565 ms  12.731 ms  12.660 ms
 8  rtr-int-1.rtr1.adm.wp-sa.pl (212.77.96.42)  141.242 ms  143.691 ms  143.626 ms
 9  * * *
10  * * *
11  * * *
12  * * *
13  * * *
14  * * *
15  * * *
16  * * *
17  * * *
18  * * *
19  * * *
20  * * *
21  * * *
22  * * *
23  * * *
24  * * *
25  * * *
26  * * *
27  * * *
28  * * *
29  * * *
30  * * *

s426228@pc15f:~/Desktop$ arp -a
/// wydruk
pc14a.labs.wmi.amu.edu.pl (150.254.79.2) at d4:be:d9:89:60:d7 [ether] on eth0
gw-v100.core.wmi.amu.edu.pl (150.254.79.1) at 74:8e:f8:fb:d6:66 [ether] on eth0

s426228@pc15f:~/Desktop$ host wp.pl
/// wydruk
wp.pl has address 212.77.98.9
wp.pl mail is handled by 5 mx5.wp.pl.
wp.pl mail is handled by 0 mx.wp.pl.

s426228@pc15f:~/Desktop$ nslookup wp.pl
/// wydruk
Server:		150.254.78.30
Address:	150.254.78.30#53

Non-authoritative answer:
Name:	wp.pl
Address: 212.77.98.9

--ifconfig
s426228@pc15f:~/Desktop$ ifconfig
/// wydruk
eth0: flags=4163<UP,BROADCAST,RUNNING,MULTICAST>  mtu 1500
        inet 150.254.79.20  netmask 255.255.255.0  broadcast 150.254.79.255
        inet6 fe80::529a:4cff:fe3c:835a  prefixlen 64  scopeid 0x20<link>
        ether 50:9a:4c:3c:83:5a  txqueuelen 1000  (Ethernet)
        RX packets 128456  bytes 126588474 (126.5 MB)
        RX errors 0  dropped 876  overruns 0  frame 0
        TX packets 81620  bytes 61169192 (61.1 MB)
        TX errors 0  dropped 0 overruns 0  carrier 0  collisions 0
        device interrupt 20  memory 0xef000000-ef020000  

lo: flags=73<UP,LOOPBACK,RUNNING>  mtu 65536
        inet 127.0.0.1  netmask 255.0.0.0
        inet6 ::1  prefixlen 128  scopeid 0x10<host>
        loop  txqueuelen 1000  (Local Loopback)
        RX packets 93  bytes 13657 (13.6 KB)
        RX errors 0  dropped 0  overruns 0  frame 0
        TX packets 93  bytes 13657 (13.6 KB)
        TX errors 0  dropped 0 overruns 0  carrier 0  collisions 0

s426228@pc15f:~/Desktop$ route
/// wydruk
Kernel IP routing table
Destination     Gateway         Genmask         Flags Metric Ref    Use Iface
default         gw-v100.core.wm 0.0.0.0         UG    1024   0        0 eth0
150.254.79.0    0.0.0.0         255.255.255.0   U     0      0        0 eth0
gw-v100.core.wm 0.0.0.0         255.255.255.255 UH    1024   0        0 eth0

s426228@pc15f:~/Desktop$ hostname
/// wydruk
pc15f

s426228@pc15f:~/Desktop$ domainname
/// wydruk
(none)

s426228@pc15f:~/Desktop$ cat /etc/resolv.conf 
/// wydruk
nameserver 150.254.78.30
nameserver 150.254.78.31
search wmi.amu.edu.pl labs.wmi.amu.edu.pl vm.wmi.amu.edu.pl sci.wmi.amu.edu.pl

s426228@pc15f:~/Desktop$ cat /etc/hosts
/// wydruk
127.0.0.1   localhost

::1     localhost ip6-localhost ip6-loopback
fe00::0 ip6-localnet
ff00::0 ip6-mcastprefix
ff02::1 ip6-allnodes
ff02::2 ip6-allrouters

127.0.0.1 sandbox.hortonworks.com

--plik services
s426228@pc15f:~/Desktop$ cat /etc/services
/// wydruk
netbios-dgm	138/udp
netbios-ssn	139/tcp				# NETBIOS session service
netbios-ssn	139/udp
imap2		143/tcp		imap		# Interim Mail Access P 2 and 4
snmp		161/tcp				# Simple Net Mgmt Protocol
snmp		161/udp
snmp-trap	162/tcp		snmptrap	# Traps for SNMP
snmp-trap	162/udp		snmptrap
cmip-man	163/tcp				# ISO mgmt over IP (CMOT)
cmip-man	163/udp
cmip-agent	164/tcp
cmip-agent	164/udp
mailq		174/tcp			# Mailer transport queue for Zmailer
mailq		174/udp
xdmcp		177/tcp				# X Display Mgr. Control Proto
xdmcp		177/udp
nextstep	178/tcp		NeXTStep NextStep	# NeXTStep window
nextstep	178/udp		NeXTStep NextStep	#  server
bgp		179/tcp				# Border Gateway Protocol
irc		194/tcp				# Internet Relay Chat
irc		194/udp
smux		199/tcp				# SNMP Unix Multiplexer
smux		199/udp
at-rtmp		201/tcp				# AppleTalk routing
at-rtmp		201/udp
at-nbp		202/tcp				# AppleTalk name binding
at-nbp		202/udp
at-echo		204/tcp				# AppleTalk echo
at-echo		204/udp
at-zis		206/tcp				# AppleTalk zone information
at-zis		206/udp
qmtp		209/tcp				# Quick Mail Transfer Protocol
qmtp		209/udp
z3950		210/tcp		wais		# NISO Z39.50 database
z3950		210/udp		wais
ipx		213/tcp				# IPX
ipx		213/udp
pawserv		345/tcp				# Perf Analysis Workbench
pawserv		345/udp
zserv		346/tcp				# Zebra server
zserv		346/udp
fatserv		347/tcp				# Fatmen Server
fatserv		347/udp
rpc2portmap	369/tcp
rpc2portmap	369/udp				# Coda portmapper
codaauth2	370/tcp
codaauth2	370/udp				# Coda authentication server
clearcase	371/tcp		Clearcase
clearcase	371/udp		Clearcase
ulistserv	372/tcp				# UNIX Listserv
ulistserv	372/udp
ldap		389/tcp			# Lightweight Directory Access Protocol
ldap		389/udp
imsp		406/tcp			# Interactive Mail Support Protocol
imsp		406/udp
svrloc		427/tcp				# Server Location
svrloc		427/udp
https		443/tcp				# http protocol over TLS/SSL
snpp		444/tcp				# Simple Network Paging Protocol
snpp		444/udp
microsoft-ds	445/tcp				# Microsoft Naked CIFS
microsoft-ds	445/udp
kpasswd		464/tcp
kpasswd		464/udp
urd		465/tcp		ssmtp smtps  # URL Rendesvous Directory for SSM
saft		487/tcp			# Simple Asynchronous File Transfer
saft		487/udp
isakmp		500/tcp			# IPsec - Internet Security Association
isakmp		500/udp			#  and Key Management Protocol
rtsp		554/tcp			# Real Time Stream Control Protocol
rtsp		554/udp
nqs		607/tcp				# Network Queuing system
nqs		607/udp
npmp-local	610/tcp		dqs313_qmaster		# npmp-local / DQS
npmp-local	610/udp		dqs313_qmaster
npmp-gui	611/tcp		dqs313_execd		# npmp-gui / DQS
npmp-gui	611/udp		dqs313_execd
hmmp-ind	612/tcp		dqs313_intercell	# HMMP Indication / DQS
hmmp-ind	612/udp		dqs313_intercell
asf-rmcp	623/udp		# ASF Remote Management and Control Protocol
qmqp		628/tcp
qmqp		628/udp
ipp		631/tcp				# Internet Printing Protocol
ipp		631/udp
#
# UNIX specific services
#
exec		512/tcp
biff		512/udp		comsat
login		513/tcp
who		513/udp		whod
shell		514/tcp		cmd		# no passwords used
syslog		514/udp
printer		515/tcp		spooler		# line printer spooler
talk		517/udp
ntalk		518/udp
route		520/udp		router routed	# RIP
timed		525/udp		timeserver
tempo		526/tcp		newdate
courier		530/tcp		rpc
conference	531/tcp		chat
netnews		532/tcp		readnews
netwall		533/udp				# for emergency broadcasts
gdomap		538/tcp				# GNUstep distributed objects
gdomap		538/udp
uucp		540/tcp		uucpd		# uucp daemon
klogin		543/tcp				# Kerberized `rlogin' (v5)
kshell		544/tcp		krcmd		# Kerberized `rsh' (v5)
dhcpv6-client	546/tcp
dhcpv6-client	546/udp
dhcpv6-server	547/tcp
dhcpv6-server	547/udp
afpovertcp	548/tcp				# AFP over TCP
afpovertcp	548/udp
idfp		549/tcp
idfp		549/udp
remotefs	556/tcp		rfs_server rfs	# Brunhoff remote filesystem
nntps		563/tcp		snntp		# NNTP over SSL
submission	587/tcp				# Submission [RFC4409]
ldaps		636/tcp				# LDAP over SSL
ldaps		636/udp
tinc		655/tcp				# tinc control port
tinc		655/udp
silc		706/tcp
silc		706/udp
kerberos-adm	749/tcp				# Kerberos `kadmin' (v5)
#
webster		765/tcp				# Network dictionary
webster		765/udp
rsync		873/tcp
ftps-data	989/tcp				# FTP over SSL (data)
ftps		990/tcp
telnets		992/tcp				# Telnet over SSL
imaps		993/tcp				# IMAP over SSL
pop3s		995/tcp				# POP-3 over SSL
#
# From ``Assigned Numbers'':
#
#> The Registered Ports are not controlled by the IANA and on most systems
#> can be used by ordinary user processes or programs executed by ordinary
#> users.
#
#> Ports are used in the TCP [45,106] to name the ends of logical
#> connections which carry long term conversations.  For the purpose of
#> providing services to unknown callers, a service contact port is
#> defined.  This list specifies the port used by the server process as its
#> contact port.  While the IANA can not control uses of these ports it
#> does register or list uses of these ports as a convienence to the
#> community.
#
socks		1080/tcp			# socks proxy server
socks		1080/udp
proofd		1093/tcp
proofd		1093/udp
rootd		1094/tcp
rootd		1094/udp
openvpn		1194/tcp
openvpn		1194/udp
rmiregistry	1099/tcp			# Java RMI Registry
rmiregistry	1099/udp
kazaa		1214/tcp
kazaa		1214/udp
nessus		1241/tcp			# Nessus vulnerability
nessus		1241/udp			#  assessment scanner
lotusnote	1352/tcp	lotusnotes	# Lotus Note
lotusnote	1352/udp	lotusnotes
ms-sql-s	1433/tcp			# Microsoft SQL Server
ms-sql-s	1433/udp
ms-sql-m	1434/tcp			# Microsoft SQL Monitor
ms-sql-m	1434/udp
ingreslock	1524/tcp
ingreslock	1524/udp
datametrics	1645/tcp	old-radius
datametrics	1645/udp	old-radius
sa-msg-port	1646/tcp	old-radacct
sa-msg-port	1646/udp	old-radacct
kermit		1649/tcp
kermit		1649/udp
groupwise	1677/tcp
groupwise	1677/udp
l2f		1701/tcp	l2tp
l2f		1701/udp	l2tp
radius		1812/tcp
radius		1812/udp
radius-acct	1813/tcp	radacct		# Radius Accounting
radius-acct	1813/udp	radacct
msnp		1863/tcp			# MSN Messenger
msnp		1863/udp
unix-status	1957/tcp			# remstats unix-status server
log-server	1958/tcp			# remstats log server
remoteping	1959/tcp			# remstats remoteping server
cisco-sccp	2000/tcp			# Cisco SCCP
cisco-sccp	2000/udp
search		2010/tcp	ndtp
pipe-server	2010/tcp	pipe_server
nfs		2049/tcp			# Network File System
nfs		2049/udp			# Network File System
gnunet		2086/tcp
gnunet		2086/udp
rtcm-sc104	2101/tcp			# RTCM SC-104 IANA 1/29/99
rtcm-sc104	2101/udp
gsigatekeeper	2119/tcp
gsigatekeeper	2119/udp
gris		2135/tcp		# Grid Resource Information Server
gris		2135/udp
cvspserver	2401/tcp			# CVS client/server operations
cvspserver	2401/udp
venus		2430/tcp			# codacon port
venus		2430/udp			# Venus callback/wbc interface
venus-se	2431/tcp			# tcp side effects
venus-se	2431/udp			# udp sftp side effect
codasrv		2432/tcp			# not used
codasrv		2432/udp			# server port
codasrv-se	2433/tcp			# tcp side effects
codasrv-se	2433/udp			# udp sftp side effect
mon		2583/tcp			# MON traps
mon		2583/udp
dict		2628/tcp			# Dictionary server
dict		2628/udp
f5-globalsite	2792/tcp
f5-globalsite	2792/udp
gsiftp		2811/tcp
gsiftp		2811/udp
gpsd		2947/tcp
gpsd		2947/udp
gds-db		3050/tcp	gds_db		# InterBase server
gds-db		3050/udp	gds_db
icpv2		3130/tcp	icp		# Internet Cache Protocol
icpv2		3130/udp	icp
isns		3205/tcp			# iSNS Server Port
isns		3205/udp			# iSNS Server Port
iscsi-target	3260/tcp
mysql		3306/tcp
mysql		3306/udp
nut		3493/tcp			# Network UPS Tools
nut		3493/udp
distcc		3632/tcp			# distributed compiler
distcc		3632/udp
daap		3689/tcp			# Digital Audio Access Protocol
daap		3689/udp
svn		3690/tcp	subversion	# Subversion protocol
svn		3690/udp	subversion
suucp		4031/tcp			# UUCP over SSL
suucp		4031/udp
sysrqd		4094/tcp			# sysrq daemon
sysrqd		4094/udp
sieve		4190/tcp			# ManageSieve Protocol
epmd		4369/tcp			# Erlang Port Mapper Daemon
epmd		4369/udp
remctl		4373/tcp		# Remote Authenticated Command Service
remctl		4373/udp
f5-iquery	4353/tcp			# F5 iQuery
f5-iquery	4353/udp
ipsec-nat-t	4500/udp			# IPsec NAT-Traversal [RFC3947]
iax		4569/tcp			# Inter-Asterisk eXchange
iax		4569/udp
mtn		4691/tcp			# monotone Netsync Protocol
mtn		4691/udp
radmin-port	4899/tcp			# RAdmin Port
radmin-port	4899/udp
rfe		5002/udp			# Radio Free Ethernet
rfe		5002/tcp
mmcc		5050/tcp	# multimedia conference control tool (Yahoo IM)
mmcc		5050/udp
sip		5060/tcp			# Session Initiation Protocol
sip		5060/udp
sip-tls		5061/tcp
sip-tls		5061/udp
aol		5190/tcp			# AIM
aol		5190/udp
xmpp-client	5222/tcp	jabber-client	# Jabber Client Connection
xmpp-client	5222/udp	jabber-client
xmpp-server	5269/tcp	jabber-server	# Jabber Server Connection
xmpp-server	5269/udp	jabber-server
cfengine	5308/tcp
cfengine	5308/udp
mdns		5353/tcp			# Multicast DNS
mdns		5353/udp
postgresql	5432/tcp	postgres	# PostgreSQL Database
postgresql	5432/udp	postgres
freeciv		5556/tcp	rptp		# Freeciv gameplay
freeciv		5556/udp
amqps		5671/tcp			# AMQP protocol over TLS/SSL
amqp		5672/tcp
amqp		5672/udp
amqp		5672/sctp
ggz		5688/tcp			# GGZ Gaming Zone
ggz		5688/udp
x11		6000/tcp	x11-0		# X Window System
x11		6000/udp	x11-0
x11-1		6001/tcp
x11-1		6001/udp
x11-2		6002/tcp
x11-2		6002/udp
x11-3		6003/tcp
x11-3		6003/udp
x11-4		6004/tcp
x11-4		6004/udp
x11-5		6005/tcp
x11-5		6005/udp
x11-6		6006/tcp
x11-6		6006/udp
x11-7		6007/tcp
x11-7		6007/udp
gnutella-svc	6346/tcp			# gnutella
gnutella-svc	6346/udp
gnutella-rtr	6347/tcp			# gnutella
gnutella-rtr	6347/udp
sge-qmaster	6444/tcp	sge_qmaster	# Grid Engine Qmaster Service
sge-qmaster	6444/udp	sge_qmaster
sge-execd	6445/tcp	sge_execd	# Grid Engine Execution Service
sge-execd	6445/udp	sge_execd
mysql-proxy	6446/tcp			# MySQL Proxy
mysql-proxy	6446/udp
babel		6696/udp			# Babel Routing Protocol
ircs-u		6697/tcp		# Internet Relay Chat via TLS/SSL
afs3-fileserver 7000/tcp	bbs		# file server itself
afs3-fileserver 7000/udp	bbs
afs3-callback	7001/tcp			# callbacks to cache managers
afs3-callback	7001/udp
afs3-prserver	7002/tcp			# users & groups database
afs3-prserver	7002/udp
afs3-vlserver	7003/tcp			# volume location database
afs3-vlserver	7003/udp
afs3-kaserver	7004/tcp			# AFS/Kerberos authentication
afs3-kaserver	7004/udp
afs3-volser	7005/tcp			# volume managment server
afs3-volser	7005/udp
afs3-errors	7006/tcp			# error interpretation service
afs3-errors	7006/udp
afs3-bos	7007/tcp			# basic overseer process
afs3-bos	7007/udp
afs3-update	7008/tcp			# server-to-server updater
afs3-update	7008/udp
afs3-rmtsys	7009/tcp			# remote cache manager service
afs3-rmtsys	7009/udp
font-service	7100/tcp	xfs		# X Font Service
font-service	7100/udp	xfs
http-alt	8080/tcp	webcache	# WWW caching service
http-alt	8080/udp
puppet		8140/tcp			# The Puppet master service
bacula-dir	9101/tcp			# Bacula Director
bacula-dir	9101/udp
bacula-fd	9102/tcp			# Bacula File Daemon
bacula-fd	9102/udp
bacula-sd	9103/tcp			# Bacula Storage Daemon
bacula-sd	9103/udp
xmms2		9667/tcp	# Cross-platform Music Multiplexing System
xmms2		9667/udp
nbd		10809/tcp			# Linux Network Block Device
zabbix-agent	10050/tcp			# Zabbix Agent
zabbix-agent	10050/udp
zabbix-trapper	10051/tcp			# Zabbix Trapper
zabbix-trapper	10051/udp
amanda		10080/tcp			# amanda backup services
amanda		10080/udp
dicom		11112/tcp
hkp		11371/tcp			# OpenPGP HTTP Keyserver
hkp		11371/udp
bprd		13720/tcp			# VERITAS NetBackup
bprd		13720/udp
bpdbm		13721/tcp			# VERITAS NetBackup
bpdbm		13721/udp
bpjava-msvc	13722/tcp			# BP Java MSVC Protocol
bpjava-msvc	13722/udp
vnetd		13724/tcp			# Veritas Network Utility
vnetd		13724/udp
bpcd		13782/tcp			# VERITAS NetBackup
bpcd		13782/udp
vopied		13783/tcp			# VERITAS NetBackup
vopied		13783/udp
db-lsp		17500/tcp			# Dropbox LanSync Protocol
dcap		22125/tcp			# dCache Access Protocol
gsidcap		22128/tcp			# GSI dCache Access Protocol
wnn6		22273/tcp			# wnn6
wnn6		22273/udp

#
# Datagram Delivery Protocol services
#
rtmp		1/ddp			# Routing Table Maintenance Protocol
nbp		2/ddp			# Name Binding Protocol
echo		4/ddp			# AppleTalk Echo Protocol
zip		6/ddp			# Zone Information Protocol

#=========================================================================
# The remaining port numbers are not as allocated by IANA.
#=========================================================================

# Kerberos (Project Athena/MIT) services
# Note that these are for Kerberos v4, and are unofficial.  Sites running
# v4 should uncomment these and comment out the v5 entries above.
#
kerberos4	750/udp		kerberos-iv kdc	# Kerberos (server)
kerberos4	750/tcp		kerberos-iv kdc
kerberos-master	751/udp		kerberos_master	# Kerberos authentication
kerberos-master	751/tcp
passwd-server	752/udp		passwd_server	# Kerberos passwd server
krb-prop	754/tcp		krb_prop krb5_prop hprop # Kerberos slave propagation
krbupdate	760/tcp		kreg		# Kerberos registration
swat		901/tcp				# swat
kpop		1109/tcp			# Pop with Kerberos
knetd		2053/tcp			# Kerberos de-multiplexor
zephyr-srv	2102/udp			# Zephyr server
zephyr-clt	2103/udp			# Zephyr serv-hm connection
zephyr-hm	2104/udp			# Zephyr hostmanager
eklogin		2105/tcp			# Kerberos encrypted rlogin
# Hmmm. Are we using Kv4 or Kv5 now? Worrying.
# The following is probably Kerberos v5  --- ajt@debian.org (11/02/2000)
kx		2111/tcp			# X over Kerberos
iprop		2121/tcp			# incremental propagation
#
# Unofficial but necessary (for NetBSD) services
#
supfilesrv	871/tcp				# SUP server
supfiledbg	1127/tcp			# SUP debugging

#
# Services added for the Debian GNU/Linux distribution
#
linuxconf	98/tcp				# LinuxConf
poppassd	106/tcp				# Eudora
poppassd	106/udp
moira-db	775/tcp		moira_db	# Moira database
moira-update	777/tcp		moira_update	# Moira update protocol
moira-ureg	779/udp		moira_ureg	# Moira user registration
spamd		783/tcp				# spamassassin daemon
omirr		808/tcp		omirrd		# online mirror
omirr		808/udp		omirrd
customs		1001/tcp			# pmake customs server
customs		1001/udp
skkserv		1178/tcp			# skk jisho server port
predict		1210/udp			# predict -- satellite tracking
rmtcfg		1236/tcp			# Gracilis Packeten remote config server
wipld		1300/tcp			# Wipl network monitor
xtel		1313/tcp			# french minitel
xtelw		1314/tcp			# french minitel
support		1529/tcp			# GNATS
cfinger		2003/tcp			# GNU Finger
frox		2121/tcp			# frox: caching ftp proxy
ninstall	2150/tcp			# ninstall service
ninstall	2150/udp
zebrasrv	2600/tcp			# zebra service
zebra		2601/tcp			# zebra vty
ripd		2602/tcp			# ripd vty (zebra)
ripngd		2603/tcp			# ripngd vty (zebra)
ospfd		2604/tcp			# ospfd vty (zebra)
bgpd		2605/tcp			# bgpd vty (zebra)
ospf6d		2606/tcp			# ospf6d vty (zebra)
ospfapi		2607/tcp			# OSPF-API
isisd		2608/tcp			# ISISd vty (zebra)
afbackup	2988/tcp			# Afbackup system
afbackup	2988/udp
afmbackup	2989/tcp			# Afmbackup system
afmbackup	2989/udp
xtell		4224/tcp			# xtell server
fax		4557/tcp			# FAX transmission service (old)
hylafax		4559/tcp			# HylaFAX client-server protocol (new)
distmp3		4600/tcp			# distmp3host daemon
munin		4949/tcp	lrrd		# Munin
enbd-cstatd	5051/tcp			# ENBD client statd
enbd-sstatd	5052/tcp			# ENBD server statd
pcrd		5151/tcp			# PCR-1000 Daemon
noclog		5354/tcp			# noclogd with TCP (nocol)
noclog		5354/udp			# noclogd with UDP (nocol)
hostmon		5355/tcp			# hostmon uses TCP (nocol)
hostmon		5355/udp			# hostmon uses UDP (nocol)
rplay		5555/udp			# RPlay audio service
nrpe		5666/tcp			# Nagios Remote Plugin Executor
nsca		5667/tcp			# Nagios Agent - NSCA
mrtd		5674/tcp			# MRT Routing Daemon
bgpsim		5675/tcp			# MRT Routing Simulator
canna		5680/tcp			# cannaserver
syslog-tls	6514/tcp			# Syslog over TLS [RFC5425]
sane-port	6566/tcp	sane saned	# SANE network scanner daemon
ircd		6667/tcp			# Internet Relay Chat
zope-ftp	8021/tcp			# zope management by ftp
tproxy		8081/tcp			# Transparent Proxy
omniorb		8088/tcp			# OmniORB
omniorb		8088/udp
clc-build-daemon 8990/tcp			# Common lisp build daemon
xinetd		9098/tcp
mandelspawn	9359/udp	mandelbrot	# network mandelbrot
git		9418/tcp			# Git Version Control System
zope		9673/tcp			# zope server
webmin		10000/tcp
kamanda		10081/tcp			# amanda backup services (Kerberos)
kamanda		10081/udp
amandaidx	10082/tcp			# amanda backup services
amidxtape	10083/tcp			# amanda backup services
smsqp		11201/tcp			# Alamin SMS gateway
smsqp		11201/udp
xpilot		15345/tcp			# XPilot Contact Port
xpilot		15345/udp
sgi-cmsd	17001/udp		# Cluster membership services daemon
sgi-crsd	17002/udp
sgi-gcd		17003/udp			# SGI Group membership daemon
sgi-cad		17004/tcp			# Cluster Admin daemon
isdnlog		20011/tcp			# isdn logging system
isdnlog		20011/udp
vboxd		20012/tcp			# voice box system
vboxd		20012/udp
binkp		24554/tcp			# binkp fidonet protocol
asp		27374/tcp			# Address Search Protocol
asp		27374/udp
csync2		30865/tcp			# cluster synchronization tool
dircproxy	57000/tcp			# Detachable IRC Proxy
tfido		60177/tcp			# fidonet EMSI over telnet
fido		60179/tcp			# fidonet EMSI over TCP

# Local services

s426228@pc15f:~/Desktop$ netstat -Ainet -l -p
/// wydruk
(Not all processes could be identified, non-owned process info
 will not be shown, you would have to be root to see it all.)
Active Internet connections (only servers)
Proto Recv-Q Send-Q Local Address           Foreign Address         State       PID/Program name    
tcp        0      0 0.0.0.0:41067           0.0.0.0:*               LISTEN      -                   
tcp        0      0 0.0.0.0:hostmon         0.0.0.0:*               LISTEN      -                   
tcp        0      0 0.0.0.0:sunrpc          0.0.0.0:*               LISTEN      -                   
tcp        0      0 0.0.0.0:53365           0.0.0.0:*               LISTEN      -                   
tcp        0      0 0.0.0.0:ssh             0.0.0.0:*               LISTEN      -                   
tcp        0      0 localhost:ipp           0.0.0.0:*               LISTEN      -                   
tcp        0      0 0.0.0.0:zabbix-agent    0.0.0.0:*               LISTEN      -                   
udp        0      0 0.0.0.0:hostmon         0.0.0.0:*                           -                   
udp        0      0 0.0.0.0:43868           0.0.0.0:*                           -                   
udp        0      0 0.0.0.0:53273           0.0.0.0:*                           -                   
udp        0      0 127.0.0.53:domain       0.0.0.0:*                           -                   
udp        0      0 pc15f.labs.wmi.a:bootpc 0.0.0.0:*                           -                   
udp        0      0 0.0.0.0:sunrpc          0.0.0.0:*                           -                   
udp        0      0 localhost:711           0.0.0.0:*                           -                   
udp        0      0 0.0.0.0:824             0.0.0.0:*                           -  

Zadanie 1a -------------------------------------
s426228@pc15f:~/Desktop$ nc -l -p 8080
abc
/// wydruk
GET / HTTP/1.1
Host: localhost:8080
User-Agent: Mozilla/5.0 (X11; Ubuntu; Linux x86_64; rv:58.0) Gecko/20100101 Firefox/58.0
Accept: text/html,application/xhtml+xml,application/xml;q=0.9,*/*;q=0.8
Accept-Language: en-US,en;q=0.5
Accept-Encoding: gzip, deflate
Connection: keep-alive
Upgrade-Insecure-Requests: 1
Cache-Control: max-age=0

Zadanie 1b -------------------------------------
s426228@pc15f:~/Desktop$ telnet onet.pl 80
Trying 213.180.141.140...
Connected to onet.pl.
Escape character is '^]'.
GET / HTTP/1.1
Host: onet.pl

/// wydruk
HTTP/1.1 301 Moved Permanently
Server: Dreamlab Accelerator
Date: Thu, 01 Mar 2018 01:14:56 GMT
Content-Type: text/html
Content-Length: 178
Connection: keep-alive
Location: https://www.onet.pl

<html>
<head><title>301 Moved Permanently</title></head>
<body bgcolor="white">
<center><h1>301 Moved Permanently</h1></center>
<hr><center>nginx</center>
</body>
</html>

Connection closed by foreign host.

Zadanie 2 -------------------------------------
--serwer
s426228@pc15f:~/Desktop$ nc -l -p 8080
/// wydruk
abc

ABC

--klient
s426228@pc15f:~/Desktop$ nc localhost 8080
/// wydruk
abc

ABC

Zadanie A.1 -------------------------------------
---Konfiguracja sieci
# dhcpcd eth0

# ifconfig eth0
/// wydruk
eth0      Link encap:Ethernet  HWaddr 08:00:27:88:51:B5  
          inet addr:10.0.2.15  Bcast:10.0.2.255  Mask:255.255.255.0
          UP BROADCAST RUNNING MULTICAST  MTU:1500  Metric:1
          RX packets:172 errors:0 dropped:0 overruns:0 frame:0
          TX packets:164 errors:0 dropped:0 overruns:0 carrier:0
          collisions:0 txqueuelen:1000 
          RX bytes:29387 (28.6 KiB)  TX bytes:16504 (16.1 KiB)

---Testowanie sieci
# ping wp.pl
/// wydruk
PING wp.pl (212.77.98.9): 56 data bytes
64 bytes from 212.77.98.9: seq=0 ttl=63 time=9.182 ms
64 bytes from 212.77.98.9: seq=1 ttl=63 time=11.176 ms
64 bytes from 212.77.98.9: seq=2 ttl=63 time=10.299 ms
64 bytes from 212.77.98.9: seq=3 ttl=63 time=13.721 ms

# route -n
/// wydruk
Kernel IP routing table
Destination     Gateway         Genmask         Flags Metric Ref    Use Iface
10.0.2.0        0.0.0.0         255.255.255.0   U     0      0        0 eth0
169.254.0.0     0.0.0.0         255.255.0.0     U     0      0        0 eth0
127.0.0.0       0.0.0.0         255.0.0.0       U     0      0        0 lo
0.0.0.0         10.0.2.2        0.0.0.0         UG    0      0        0 eth0

# ifconfig tap0 192.168.1.1 up
# ifconfig tap1 192.168.2.1 up
# ifconfig tap2 192.168.3.1 up
# ifconfig tap3 192.168.4.1 up
# ifconfig tap4 192.168.5.1 up

# route -n
/// wydruk
Kernel IP routing table
Destination     Gateway         Genmask         Flags Metric Ref    Use Iface
192.168.5.0     0.0.0.0         255.255.255.0   U     0      0        0 tap4
192.168.4.0     0.0.0.0         255.255.255.0   U     0      0        0 tap3
192.168.3.0     0.0.0.0         255.255.255.0   U     0      0        0 tap2
192.168.2.0     0.0.0.0         255.255.255.0   U     0      0        0 tap1
192.168.1.0     0.0.0.0         255.255.255.0   U     0      0        0 tap0
10.0.2.0        0.0.0.0         255.255.255.0   U     0      0        0 eth0
169.254.0.0     0.0.0.0         255.255.0.0     U     0      0        0 eth0
127.0.0.0       0.0.0.0         255.0.0.0       U     0      0        0 lo
0.0.0.0         10.0.2.2        0.0.0.0         UG    0      0        0 eth0

Zadanie A.2 -------------------------------------
--Konfiguracja sieci na DOS
C:\>e2.bat
/// wydruk
C:\>MTCPCFG=C:\sik\config2.txt

--serwer na DOS
C:\>nc -listen 8080
/// wydruk
mTCP Netcat by M Brutman (mbbrutman@gmail.com) (C)opyright 2007-2015
  Version: Jul  5 2015

Waiting for a connection on port 8080. Press [ESC] to abort.

Connection received from 192.168.2.1:48886

ddd
d
d

Elapsed time: 125.01	Bytes sent: 5	Received: 13

--klient na Puppy Linux
# ifconfig tap0 192.168.2.1 up
# nc 192.168.2.1 8080
/// wydruk
ddd
d
d

--serwer na Puppy Linux
# nc -l -p 8080

--klient DOS
C:\>nc -target 10.0.2.15 8080
/// wydruk
mTCP Netcat by M Brutman (mbbrutman@gmail.com) (C)opyright 2007-2015
  Version: Jul  5 2015

Resolving server address - press Ctrl-Break to abort

Server resolved to 10.0.2.15 - connecting

Connected!

Zadanie A.3 -------------------------------------
1. Polecenie ifconfig -a na systemie Linux oraz polecenie ipconfig /all na systemie Windows pozwalają nam odczytać adres IP naszej 	   maszyny.
2. Nasza maszyna może mieć nazwy tekstowe długości od 1 do 63 znaków np. lts,puppypc. Nazwę naszej maszyny możemy sprawdzić po wpisaniu polecenia hostname lub w pliku /etc/hostname.
3. Zawartość tego pliku jest tworzona zwykle przez administratora sieci albo przez aplikacje zarządzające zadaniami konfiguracyjnymi systemu.
4. Należy wpisać kolejno polecenia arp a następnie route -n w terminalu.





